// Vitest Snapshot v1, https://vitest.dev/guide/snapshot.html

exports[`Button > matches snapshot 1`] = `"<button class="outline-hidden border rounded-md px-4 py-2 bg-primary text-background">Button text</button>"`;
