// Vitest Snapshot v1, https://vitest.dev/guide/snapshot.html

exports[`IconButton > matches snapshot 1`] = `"<button class="size-9 rounded-full border border-secondary bg-background text-muted-foreground flex items-center justify-center transition-colors active:bg-secondary disabled:pointer-events-none disabled:opacity-50 undefined"></button>"`;
