// Vitest Snapshot v1, https://vitest.dev/guide/snapshot.html

exports[`Skeleton > matches snapshot 1`] = `"<div class="animate-pulse rounded-md bg-secondary "></div>"`;
